# This file is @generated, regenerate by re-running test with `-- --env BSMR_UPDATE_GOLDEN=1` appended to the test command

[<TIMESTAMP>] Starting new bsmr daemon...
[<TIMESTAMP>] Connected to new bsmr daemon.
[<TIMESTAMP>] Buck UI: https://www.internalfb.com/bsmr/<UUID>
[<TIMESTAMP>] Error parsing root//nonexistent_package
[<TIMESTAMP>] package `root//nonexistent_package:` does not exist
[<TIMESTAMP>]          ^-----------------------^
[<TIMESTAMP>]     dir `root//nonexistent_package` does not exist. 
