# This file is @generated, regenerate by re-running test with `-- --env BSMR_UPDATE_GOLDEN=1` appended to the test command

[
  {
    "bsmr.package":"root//nonexistent_package",
    "bsmr.error":"package `root//nonexistent_package:` does not exist\n         ^-----------------------^\n    dir `root//nonexistent_package` does not exist. "
  },
  {
    "bsmr.target":"root//a:target1",
    "bsmr.type":"nano_prelude//stub_rules.bzl:stub",
    "bsmr.deps":[],
    "bsmr.inputs":[],
    "bsmr.package":"root//a",
    "name":"target1",
    "visibility":[],
    "within_view":["PUBLIC"]
  },
  {
    "bsmr.target":"root//a:target2",
    "bsmr.type":"nano_prelude//stub_rules.bzl:stub",
    "bsmr.deps":[],
    "bsmr.inputs":[],
    "bsmr.package":"root//a",
    "name":"target2",
    "visibility":[],
    "within_view":["PUBLIC"]
  }
]
