# This file is @generated, regenerate by re-running test with `-- --env BSMR_UPDATE_GOLDEN=1` appended to the test command

[
  {
    "bsmr.package":"root//a",
    "bsmr.error":"Cannot specify modifiers with ?modifier syntax when global CLI modifiers are set with --modifier flag"
  },
  {
    "bsmr.target":"root//a:target1",
    "bsmr.type":"nano_prelude//stub_rules.bzl:stub",
    "bsmr.deps":[],
    "bsmr.inputs":[],
    "bsmr.package":"root//a",
    "name":"target1",
    "visibility":[],
    "within_view":["PUBLIC"]
  }
]
