# This file is @generated, regenerate by re-running test with `-- --env BSMR_UPDATE_GOLDEN=1` appended to the test command

digraph result_graph {
  "root//bin:the_binary" [style=filled,color="#DFECDF",bsmr_name=the_binary,bsmr_cmd="[\"$(exe root//:bin)\", \"$(location root//:data)\"]",bsmr_deps="[\"root//lib:lib1\", \"root//lib:lib2\", \"root//lib:lib3\"]"];
  "root//bin:the_binary" -> "root//:data";
  "root//bin:the_binary" -> "root//lib:lib1";
  "root//bin:the_binary" -> "root//lib:lib2";
  "root//bin:the_binary" -> "root//lib:lib3";
  "root//:data" [style=filled,color="#DFECDF",bsmr_name=data,bsmr_cmd="\"$(exe root//:genrule_binary)\""];
  "root//lib:lib1" [style=filled,color="#DFECDF",bsmr_name=lib1,bsmr_cmd="[]",bsmr_deps="[]"];
  "root//lib:lib1" -> "root//lib:file1";
  "root//lib:lib2" [style=filled,color="#DFECDF",bsmr_name=lib2,bsmr_cmd="[\"this is lib2\", \"cmd\", \"$(location root//lib:file2)\"]",bsmr_deps="[]"];
  "root//lib:lib2" -> "root//lib:file2";
  "root//lib:lib3" [style=filled,color="#DFECDF",bsmr_name=lib3,bsmr_cmd="[\"this is lib3\"]+select({\"root//lib:constraint\": [\"this is lib3 too, case 1\"], \"DEFAULT\": [\"this is lib3 too, case 2\"]})",bsmr_deps="[]"];
  "root//lib:lib3" -> "root//lib:file3";
  "root//lib:file1" [style=filled,color="#DFECDF",bsmr_name=file1,bsmr_cmd="\"\""];
  "root//lib:file2" [style=filled,color="#DFECDF",bsmr_name=file2,bsmr_cmd="\"\""];
  "root//lib:file3" [style=filled,color="#DFECDF",bsmr_name=file3,bsmr_cmd="\"\""];
}
