# This file is @generated, regenerate by re-running test with `-- --env BSMR_UPDATE_GOLDEN=1` appended to the test command

{
  "compatible_targets": [
  {
    "bsmr.target":"root//a:target1",
    "bsmr.type":"nano_prelude//stub_rules.bzl:stub",
    "bsmr.deps":[],
    "bsmr.inputs":[],
    "bsmr.package":"root//a",
    "name":"target1",
    "visibility":[],
    "within_view":["PUBLIC"]
  },
  {
    "bsmr.target":"root//a:target2",
    "bsmr.type":"nano_prelude//stub_rules.bzl:stub",
    "bsmr.deps":[],
    "bsmr.inputs":[],
    "bsmr.package":"root//a",
    "name":"target2",
    "visibility":[],
    "within_view":["PUBLIC"]
  }
  ],
  "incompatible_targets": [
  {
    "bsmr.target":"root//a:macos_only",
    "bsmr.incompatible.cause":"ValidIncompatible",
    "bsmr.incompatible.reason":"root//a:macos_only\n    is incompatible with root//:linux_platform#<HASH> (root//:macos unsatisfied), check the target's compatibility attributes"
  }
  ]
}
